RAM Allocation [bytes]
Variable                                                                          Address   Size
------------------------------------------------------------------------------------------------
digits                                                                            0x0160      10

EEPROM Allocation [bytes]
Variable                                                                          Address   Size
------------------------------------------------------------------------------------------------

Register Allocation
Variable                                                                          Register  Size
------------------------------------------------------------------------------------------------

FLASH Allocation [words]
Function                                                                          Address   Size
------------------------------------------------------------------------------------------------
main                                                                              0x00060     26
part1                                                                             0x0007A     40
part2                                                                             0x000A2     41
part3                                                                             0x000CB     19
part4                                                                             0x000DE      9
part5                                                                             0x000E7     49
